[
  "SomeID",
  "SomeDestination",
  "AAA=",
  "SomeOtherId",
  "SomeOtherDestination",
  "AAA="
]